// Jest Snapshot v1, https://goo.gl/fbAQLP

exports[`Loader rendering 1`] = `
<div
  className="loader"
>
  <b>
    Загрузка
  </b>
  <img
    alt=""
    className="loading-icon"
    src=""
  />
</div>
`;
