// Jest Snapshot v1, https://goo.gl/fbAQLP

exports[`Weather here rendering 1`] = `
<div>
  <div
    className="weather_here"
  >
    <div
      className="header"
    >
      <div
        className="part"
      >
        Погода здесь
      </div>
      <button
        className="button"
        onClick={[Function]}
      >
        Обновить геолокацию
      </button>
    </div>
    <div
      className="weather_here_item"
    >
      <div
        className="about"
      >
        <b
          className="name"
        >
          name
        </b>
        <span
          className="temp"
        >
          276.91 ℃
        </span>
        <img
          alt="img"
          className="icon"
          src="//openweathermap.org/img/wn/04d@2x.png"
        />
      </div>
      <div
        className="entry"
      >
        <ul>
          <li>
            <span>
              Ветер
            </span>
             
            <em>
              6
               м/c
            </em>
          </li>
          <li>
            <span>
              Облачность
            </span>
             
            <em>
              overcast clouds
            </em>
          </li>
          <li>
            <span>
              Давление
            </span>
             
            <em>
              1016
               гПа
            </em>
          </li>
          <li>
            <span>
              Влажность
            </span>
             
            <em>
              80
               %
            </em>
          </li>
          <li>
            <span>
              Координаты
            </span>
             
            <em>
              [
              321
              , 
              123
              ]
            </em>
          </li>
        </ul>
      </div>
    </div>
  </div>
  <div
    className="container"
  >
    <div
      className="header"
    >
      <div
        className="part"
      >
        Избранное
      </div>
      <form
        onSubmit={[Function]}
      >
        <input
          name="city"
          placeholder="Введите название города..."
          type="text"
        />
        <button
          className="itemsButton"
          type="submit"
        >
          +
        </button>
      </form>
    </div>
    <div
      className="items"
    >
      <div
        className="loader"
      >
        <div
          className="header"
        >
          <b>
            moscow
          </b>
          <span
            className="item-temp"
          >
            276.91 ℃
          </span>
          <img
            alt="img"
            className="item-icon"
            src="//openweathermap.org/img/wn/04d@2x.png"
          />
          <button
            className="itemsButton"
            id="moscow"
            onClick={[Function]}
          >
            x
          </button>
        </div>
        <div
          className="item-entry"
        >
          <ul>
            <li>
              <span>
                Ветер
              </span>
               
              <em>
                6
                 м/c
              </em>
            </li>
            <li>
              <span>
                Облачность
              </span>
               
              <em>
                overcast clouds
              </em>
            </li>
            <li>
              <span>
                Давление
              </span>
               
              <em>
                1016
                 гПа
              </em>
            </li>
            <li>
              <span>
                Влажность
              </span>
               
              <em>
                80
                 %
              </em>
            </li>
            <li>
              <span>
                Координаты
              </span>
               
              <em>
                [
                , 
                ]
              </em>
            </li>
          </ul>
        </div>
      </div>
      <div
        className="loader"
      >
        <div
          className="header"
        >
          <b>
            omsk
          </b>
          <span
            className="item-temp"
          >
            276.91 ℃
          </span>
          <img
            alt="img"
            className="item-icon"
            src="//openweathermap.org/img/wn/04d@2x.png"
          />
          <button
            className="itemsButton"
            id="omsk"
            onClick={[Function]}
          >
            x
          </button>
        </div>
        <div
          className="item-entry"
        >
          <ul>
            <li>
              <span>
                Ветер
              </span>
               
              <em>
                6
                 м/c
              </em>
            </li>
            <li>
              <span>
                Облачность
              </span>
               
              <em>
                overcast clouds
              </em>
            </li>
            <li>
              <span>
                Давление
              </span>
               
              <em>
                1016
                 гПа
              </em>
            </li>
            <li>
              <span>
                Влажность
              </span>
               
              <em>
                80
                 %
              </em>
            </li>
            <li>
              <span>
                Координаты
              </span>
               
              <em>
                [
                , 
                ]
              </em>
            </li>
          </ul>
        </div>
      </div>
    </div>
  </div>
</div>
`;

exports[`Weather here rendering position error 1`] = `
<div>
  <div
    className="weather_here"
  >
    <div
      className="header"
    >
      <div
        className="part"
      >
        Погода здесь
      </div>
      <button
        className="button"
        onClick={[Function]}
      >
        Обновить геолокацию
      </button>
    </div>
    <div
      className="weather_here_item"
    >
      <div
        className="about"
      >
        <b
          className="name"
        >
          name
        </b>
        <span
          className="temp"
        >
          276.91 ℃
        </span>
        <img
          alt="img"
          className="icon"
          src="//openweathermap.org/img/wn/04d@2x.png"
        />
      </div>
      <div
        className="entry"
      >
        <ul>
          <li>
            <span>
              Ветер
            </span>
             
            <em>
              6
               м/c
            </em>
          </li>
          <li>
            <span>
              Облачность
            </span>
             
            <em>
              overcast clouds
            </em>
          </li>
          <li>
            <span>
              Давление
            </span>
             
            <em>
              1016
               гПа
            </em>
          </li>
          <li>
            <span>
              Влажность
            </span>
             
            <em>
              80
               %
            </em>
          </li>
          <li>
            <span>
              Координаты
            </span>
             
            <em>
              [
              38
              , 
              56
              ]
            </em>
          </li>
        </ul>
      </div>
    </div>
  </div>
  <div
    className="container"
  >
    <div
      className="header"
    >
      <div
        className="part"
      >
        Избранное
      </div>
      <form
        onSubmit={[Function]}
      >
        <input
          name="city"
          placeholder="Введите название города..."
          type="text"
        />
        <button
          className="itemsButton"
          type="submit"
        >
          +
        </button>
      </form>
    </div>
    <div
      className="items"
    >
      <div
        className="loader"
      >
        <div
          className="header"
        >
          <b>
            moscow
          </b>
          <span
            className="item-temp"
          >
            276.91 ℃
          </span>
          <img
            alt="img"
            className="item-icon"
            src="//openweathermap.org/img/wn/04d@2x.png"
          />
          <button
            className="itemsButton"
            id="moscow"
            onClick={[Function]}
          >
            x
          </button>
        </div>
        <div
          className="item-entry"
        >
          <ul>
            <li>
              <span>
                Ветер
              </span>
               
              <em>
                6
                 м/c
              </em>
            </li>
            <li>
              <span>
                Облачность
              </span>
               
              <em>
                overcast clouds
              </em>
            </li>
            <li>
              <span>
                Давление
              </span>
               
              <em>
                1016
                 гПа
              </em>
            </li>
            <li>
              <span>
                Влажность
              </span>
               
              <em>
                80
                 %
              </em>
            </li>
            <li>
              <span>
                Координаты
              </span>
               
              <em>
                [
                , 
                ]
              </em>
            </li>
          </ul>
        </div>
      </div>
      <div
        className="loader"
      >
        <div
          className="header"
        >
          <b>
            omsk
          </b>
          <span
            className="item-temp"
          >
            276.91 ℃
          </span>
          <img
            alt="img"
            className="item-icon"
            src="//openweathermap.org/img/wn/04d@2x.png"
          />
          <button
            className="itemsButton"
            id="omsk"
            onClick={[Function]}
          >
            x
          </button>
        </div>
        <div
          className="item-entry"
        >
          <ul>
            <li>
              <span>
                Ветер
              </span>
               
              <em>
                6
                 м/c
              </em>
            </li>
            <li>
              <span>
                Облачность
              </span>
               
              <em>
                overcast clouds
              </em>
            </li>
            <li>
              <span>
                Давление
              </span>
               
              <em>
                1016
                 гПа
              </em>
            </li>
            <li>
              <span>
                Влажность
              </span>
               
              <em>
                80
                 %
              </em>
            </li>
            <li>
              <span>
                Координаты
              </span>
               
              <em>
                [
                , 
                ]
              </em>
            </li>
          </ul>
        </div>
      </div>
    </div>
  </div>
</div>
`;
